<html>
<body>
<pre>
<h1>礦ision Build Log</h1>
<h2>Tool Versions:</h2>
IDE-Version: μVision V5.27.1.0
Copyright (C) 2019 ARM Ltd and ARM Germany GmbH. All rights reserved.
License Information: 111 Administrator, 111, LIC=7YKY8-36Z9E-TL5CD-8FCXL-2DWA6-KCKQJ
 
Tool Versions:
Toolchain:       MDK-ARM Professional  Version: 5.27.1.0
Toolchain Path:  D:\SoftWare Install\keil\ARM\ARMCC\Bin
C Compiler:      Armcc.exe V5.06 update 6 (build 750)
Assembler:       Armasm.exe V5.06 update 6 (build 750)
Linker/Locator:  ArmLink.exe V5.06 update 6 (build 750)
Library Manager: ArmAr.exe V5.06 update 6 (build 750)
Hex Converter:   FromElf.exe V5.06 update 6 (build 750)
CPU DLL:         SARMCM3.DLL V5.27.1.0
Dialog DLL:      DARMSTM.DLL V1.68.0.0
Target DLL:      Segger\JL2CM3.dll V2.99.35.0
Dialog DLL:      TARMSTM.DLL V1.66.0.0
 
<h2>Project:</h2>
D:\my project\file\stm32视频\STM32PZ6806L-ILI9341\软件学习资料\UCOSII移植模板\V3.5固件库UCOSII（模板）\project.uvprojx
Project File Date:  09/21/2020

<h2>Output:</h2>
*** Using Compiler 'V5.06 update 6 (build 750)', folder: 'D:\SoftWare Install\keil\ARM\ARMCC\Bin'
Rebuild target 'project'
assembling startup_stm32f10x_hd.s...
compiling os_tmr.c...
compiling os_mbox.c...
compiling system_stm32f10x.c...
compiling os_core.c...
compiling os_flag.c...
compiling stm32f10x_rcc.c...
compiling core_cm3.c...
compiling misc.c...
compiling os_mem.c...
compiling stm32f10x_gpio.c...
compiling stm32f10x_flash.c...
compiling stm32f10x_usart.c...
compiling os_mutex.c...
compiling os_time.c...
assembling os_cpu_a.asm...
compiling os_task.c...
compiling os_sem.c...
compiling os_cpu_c.c...
compiling os_q.c...
compiling os_dbg.c...
compiling stm32f10x_it.c...
compiling os_includes.c...
compiling main.c...
linking...
Program Size: Code=12030 RO-data=594 RW-data=112 ZI-data=4320  
FromELF: creating hex file...
".\Obj\project.axf" - 0 Error(s), 0 Warning(s).

<h2>Software Packages used:</h2>

Package Vendor: Keil
                http://www.keil.com/pack/Keil.STM32F1xx_DFP.2.2.0.pack
                Keil.STM32F1xx_DFP.2.2.0
                STMicroelectronics STM32F1 Series Device Support, Drivers and Examples

<h2>Collection of Component include folders:</h2>
  .\RTE\_project
  D:\SoftWare Install\keil\Keil\STM32F1xx_DFP\2.2.0\Device\Include

<h2>Collection of Component Files used:</h2>
Build Time Elapsed:  00:00:01
</pre>
</body>
</html>
